  Bank_Project.cpp
C:\Users\user\source\repos\Bank_Project\Bank_Project.cpp(3,9): warning C4067: unexpected tokens following preprocessor directive - expected a newline
C:\Users\user\source\repos\Bank_Project\clsString.h(43,25): warning C4267: 'return': conversion from 'size_t' to 'short', possible loss of data
  (compiling source file 'Bank_Project.cpp')
  
C:\Users\user\source\repos\Bank_Project\clsString.h(48,29): warning C4267: 'return': conversion from 'size_t' to 'short', possible loss of data
  (compiling source file 'Bank_Project.cpp')
  
C:\Users\user\source\repos\Bank_Project\clsString.h(60,30): warning C4267: '=': conversion from 'size_t' to 'short', possible loss of data
  (compiling source file 'Bank_Project.cpp')
  
C:\Users\user\source\repos\Bank_Project\clsString.h(197,29): warning C4267: 'return': conversion from 'size_t' to 'short', possible loss of data
  (compiling source file 'Bank_Project.cpp')
  
C:\Users\user\source\repos\Bank_Project\clsString.h(328,30): warning C4267: '=': conversion from 'size_t' to 'short', possible loss of data
  (compiling source file 'Bank_Project.cpp')
  
C:\Users\user\source\repos\Bank_Project\clsString.h(376,22): warning C4267: 'initializing': conversion from 'size_t' to 'short', possible loss of data
  (compiling source file 'Bank_Project.cpp')
  
C:\Users\user\source\repos\Bank_Project\clsUtil.h(64,5): warning C4102: 'defualt': unreferenced label
  (compiling source file 'Bank_Project.cpp')
  
C:\Users\user\source\repos\Bank_Project\clsUser.h(198,12): warning C4240: nonstandard extension used: access to 'clsUser::stLoginRegisterRecord' now defined to be 'public', previously it was defined to be 'private'
  (compiling source file 'Bank_Project.cpp')
      C:\Users\user\source\repos\Bank_Project\clsUser.h(26,12):
      see declaration of 'clsUser::stLoginRegisterRecord'
  
C:\Users\user\source\repos\Bank_Project\clsInputValidate.h(115,16): warning C4244: 'initializing': conversion from 'double' to 'float', possible loss of data
  (compiling source file 'Bank_Project.cpp')
  
C:\Users\user\source\repos\Bank_Project\clsInputValidate.h(119,26): warning C4244: '=': conversion from 'double' to 'float', possible loss of data
  (compiling source file 'Bank_Project.cpp')
  
C:\Users\user\source\repos\Bank_Project\clsBankClient.h(206,12): warning C4240: nonstandard extension used: access to 'clsBankClient::stTrnsferLogRecord' now defined to be 'public', previously it was defined to be 'private'
  (compiling source file 'Bank_Project.cpp')
      C:\Users\user\source\repos\Bank_Project\clsBankClient.h(152,12):
      see declaration of 'clsBankClient::stTrnsferLogRecord'
  
C:\Users\user\source\repos\Bank_Project\clsBankClient.h(28,65): warning C4244: 'argument': conversion from 'double' to 'float', possible loss of data
  (compiling source file 'Bank_Project.cpp')
  
C:\Users\user\source\repos\Bank_Project\clsBankClient.h(162,39): warning C4244: '=': conversion from 'double' to 'float', possible loss of data
  (compiling source file 'Bank_Project.cpp')
  
C:\Users\user\source\repos\Bank_Project\clsBankClient.h(163,48): warning C4244: '=': conversion from 'double' to 'float', possible loss of data
  (compiling source file 'Bank_Project.cpp')
  
C:\Users\user\source\repos\Bank_Project\clsBankClient.h(164,49): warning C4244: '=': conversion from 'double' to 'float', possible loss of data
  (compiling source file 'Bank_Project.cpp')
  
C:\Users\user\source\repos\Bank_Project\clsBankClient.h(421,28): warning C4244: '+=': conversion from 'double' to 'float', possible loss of data
  (compiling source file 'Bank_Project.cpp')
  
C:\Users\user\source\repos\Bank_Project\clsBankClient.h(434,32): warning C4244: '-=': conversion from 'double' to 'float', possible loss of data
  (compiling source file 'Bank_Project.cpp')
  
C:\Users\user\source\repos\Bank_Project\clsAddNewClientScreen.h(30,66): warning C4244: 'argument': conversion from 'double' to 'float', possible loss of data
  (compiling source file 'Bank_Project.cpp')
  
C:\Users\user\source\repos\Bank_Project\clsUpdateClientScreen.h(47,66): warning C4244: 'argument': conversion from 'double' to 'float', possible loss of data
  (compiling source file 'Bank_Project.cpp')
  
C:\Users\user\source\repos\Bank_Project\clsTotalBalancesScreen.h(57,82): warning C4244: 'argument': conversion from 'double' to 'int', possible loss of data
  (compiling source file 'Bank_Project.cpp')
  
C:\Users\user\source\repos\Bank_Project\clsTransferScreen.h(42,51): warning C4244: '=': conversion from 'double' to 'float', possible loss of data
  (compiling source file 'Bank_Project.cpp')
  
C:\Users\user\source\repos\Bank_Project\clsTransferScreen.h(47,53): warning C4244: '=': conversion from 'double' to 'float', possible loss of data
  (compiling source file 'Bank_Project.cpp')
  
C:\Users\user\source\repos\Bank_Project\clsCurrency.h(27,17): warning C4244: 'argument': conversion from 'double' to 'float', possible loss of data
  (compiling source file 'Bank_Project.cpp')
  
C:\Users\user\source\repos\Bank_Project\clsUpdateCurrencyRateScreen.h(17,52): warning C4244: '=': conversion from 'double' to 'float', possible loss of data
  (compiling source file 'Bank_Project.cpp')
  
C:\Users\user\source\repos\Bank_Project\clsCurrencyCalculatorScreen.h(17,51): warning C4244: '=': conversion from 'double' to 'float', possible loss of data
  (compiling source file 'Bank_Project.cpp')
  
C:\Users\user\source\repos\Bank_Project\clsBankClient.h(376,1): warning C4715: 'clsBankClient::Save': not all control paths return a value
C:\Users\user\source\repos\Bank_Project\clsBankClient.h(438,1): warning C4715: 'clsBankClient::Withdraw': not all control paths return a value
C:\Users\user\source\repos\Bank_Project\clsUser.h(360,1): warning C4715: 'clsUser::Save': not all control paths return a value
  Bank_Project.vcxproj -> C:\Users\user\source\repos\Bank_Project\x64\Debug\Bank_Project.exe
